Filters: {
  "madrasa_id": {
    "$in": [
      "6999aeab61186e953421b2e1",
      "6999aeab61186e953421b2e1"
    ]
  },
  "periods.teacher_id": {
    "$in": [
      "6999de13b1b20421349c8026",
      "6999de13b1b20421349c8026"
    ]
  }
}
Routines found: 4
Result Data length: 5
[
  {
    startTime: '18:18',
    endTime: '07:20',
    subject_id: '699b38737b53ff79f9a76dde',
    teacher_id: '6999de13b1b20421349c8026',
    roomNumber: '101',
    _id: new ObjectId('699b55df42b998aa4220d9f4'),
    day: 'Saturday'
  },
  {
    startTime: '04:19',
    endTime: '03:17',
    subject_id: '699b38737b53ff79f9a76dde',
    teacher_id: '6999de13b1b20421349c8026',
    roomNumber: '101',
    _id: new ObjectId('699b55df42b998aa4220d9f4'),
    day: 'Saturday'
  },
  {
    startTime: '13:30',
    endTime: '01:30',
    subject_id: '699b38847b53ff79f9a76ddf',
    teacher_id: '6999de13b1b20421349c8026',
    roomNumber: '101',
    _id: new ObjectId('699b564642b998aa4220d9f6'),
    day: 'Monday'
  },
  {
    startTime: '01:33',
    endTime: '01:34',
    subject_id: '699b38847b53ff79f9a76ddf',
    teacher_id: '6999de13b1b20421349c8026',
    roomNumber: '101',
    _id: new ObjectId('699b56da42b998aa4220d9f9'),
    day: 'Monday'
  },
  {
    startTime: '19:30',
    endTime: '20:00',
    subject_id: '69a16e8a2a1316c89069909d',
    teacher_id: '6999de13b1b20421349c8026',
    roomNumber: '101',
    _id: new ObjectId('69a171ce16f132992bfaf34a'),
    day: 'Saturday'
  }
]
